File addr_0.jazz: OK
File adcx_adox_mulx.jazz: OK
File xchg.jazz: OK
File aes.jazz: OK
File array_add.jazz: OK
File array_access.jazz: OK
File andn.jazz: OK
File alias.jazz: OK
File arraycopy.jazz: OK
File bug_1138.jazz: OK
File bt.jazz: OK
File array_cast.jazz: OK
File bug_1139.jazz: OK
File bug_175.jazz: OK
File bug_190.jazz: OK
File bswap.jazz: OK
File bug_340.jazz: OK
File bug_224.jazz: OK
File bug_455.jazz: OK
File bug_54.jazz: OK
File bug_730.jazz: OK
File bug_681.jazz: OK
File bug_599.jazz: OK
File bug_680.jazz: OK
File calldepth.jazz: OK
File call_conv_windows.jazz: OK
File bug_895.jazz: OK
File clc-stc.jazz: OK
File clflush.jazz: OK
File cmovand.jazz: OK
File arr_init_param.jazz: OK
File cmove8.jazz: OK
File contracts.jazz: OK
File concat_2u128.jazz: OK
File cqo.jazz: OK
File dead_code_arr_init.jazz: OK
File dynglob.jazz: OK
File eval_for.jazz: OK
File divmod.jazz: OK
File eval_poly1305_u32.jazz: OK
File glob_in_regptr.jazz: OK
File fences.jazz: OK
File extend.jazz: OK
File hard-init.jazz: OK
File ifelse.jazz: OK
File init-in-loop.jazz: OK
File init_stack-array_in_inline-fn.jazz: OK
File inline-if.jazz: OK
File inline-literal-arg.jazz: OK
File inline_call_to_export.jazz: OK
File inline_annot.jazz: OK
File inline_glob.jazz: OK
File inline_regptr.jazz: OK
File mem2mem.jazz: OK
File lzcnt.jazz: OK
File memory.jazz: OK
File movemask.jazz: OK
File movx.jazz: OK
File movq.jazz: OK
File mmx.jazz: OK
File opsizes.jazz: OK
File mulx.jazz: OK
File pack.jazz: OK
File movxx.jazz: OK
File popcnt.jazz: OK
File por.jazz: OK
File pext.jazz: OK
File pdep.jazz: OK
File regalloc_challenge.jazz: OK
File prefetch.jazz: OK
File refmod.jazz: OK
File rcr.jazz: OK
File sar.jazz: OK
File return-local-stack-array.jazz: OK
File save_rsp.jazz: OK
File set0.jazz: OK
File sha256.jazz: OK
File set0_through_pointer.jazz: OK
File shared.jazz: OK
File shift.jazz: OK
File spill_mmx.jazz: OK
File stable_call_conv.jazz: OK
File addcarry.jazz: OK
File stack_array.jazz: OK
File stacksize.jazz: OK
File strings.jazz: OK
File stacking.jazz: OK
File test_add.jazz: OK
File test_cast_sopn.jazz: OK
File test_bool.jazz: OK
File test_call.jazz: OK
File test_casts.jazz: OK
File test_for.jazz: OK
File test_cmp.jazz: OK
File test_glob_array_256.jazz: OK
File test_glob_array.jazz: OK
File test_glob_array_while1.jazz: OK
File test_glob_array_while2.jazz: OK
File test_glob_array_while.jazz: OK
File test_global.jazz: OK
File test_global_string_literal.jazz: OK
File test_inline_in_loop.jazz: OK
File test_imm.jazz: OK
File test_inline_var.jazz: OK
File test_lowereq.jazz: OK
File bug_200.jazz: OK
File test_lea_sub.jazz: OK
File test_lea.jazz: OK
File test_mem.jazz: OK
File test_movcc.jazz: OK
File test_move_ptr_to_stack.jazz: OK
File test_minus_one.jazz: OK
File test_mul.jazz: OK
File test_printer_intel.jazz: OK
File test_ptr_fn_inline.jazz: OK
File stack-zeroization.jazz: OK
File test_ptr_fn_noinline.jazz: OK
File test_ptr_fn_noinline_const.jazz: OK
File test_ptr_fn_inline2.jazz: OK
File test_reg_ptr1.jazz: OK
File test_shift.jazz: OK
File test_ternary.jazz: OK
File test_speculative_execution.jazz: OK
File test_rotations.jazz: OK
File too_large_immediate.jazz: OK
File test_var_annot.jazz: OK
File typealias_amd64.jazz: OK
File truncate_if.jazz: OK
File vector_arguments.jazz: OK
File unroll_nested_loop.jazz: OK
File unaligned.jazz: OK
File vector.jazz: OK
File vmovlpd.jazz: OK
File vector_expression.jazz: OK
File vmovhpd.jazz: OK
File vmovsxdup.jazz: OK
File vpalignr.jazz: OK
File vpack.jazz: OK
File vpavg.jazz: OK
File vpblend.jazz: OK
File vpclmulqdq.jazz: OK
File vpblendvb.jazz: OK
File vpcmp.jazz: OK
File vpermd.jazz: OK
File vpmaddwd.jazz: OK
File vpmaddubsw.jazz: OK
File vpminmax.jazz: OK
File vpmovxx.jazz: OK
File vpsxldq.jazz: OK
File vpmulh.jazz: OK
File vptest.jazz: OK
File while.jazz: OK
File test_parity.jazz: OK
File test_lnot.jazz: OK
File aes_instr.jazz: OK
